This file contains any messages produced by compilers while
running configure, to aid debugging if configure makes a mistake.

It was created by configure, which was
generated by GNU Autoconf 2.61.  Invocation command line was

  $ ./configure LIBS=-lXext

## --------- ##
## Platform. ##
## --------- ##

hostname = Babylon
uname -m = x86_64
uname -r = 6.18.49-1-MANJARO
uname -s = Linux
uname -v = #1 SMP PREEMPT_DYNAMIC Thu, 03 Sep 2026 23:21:05 +0000

/usr/bin/uname -p = unknown
/bin/uname -X     = unknown

/bin/arch              = unknown
/usr/bin/arch -k       = unknown
/usr/convex/getsysinfo = unknown
/usr/bin/hostinfo      = unknown
/bin/machine           = unknown
/usr/bin/oslevel       = unknown
/bin/universe          = unknown

PATH: /home/haggard_reaper/.local/share/gem/ruby/3.4.0/bin
PATH: /home/haggard_reaper/.cargo/bin
PATH: /home/haggard_reaper/.local/bin
PATH: /usr/local/bin
PATH: /usr/bin
PATH: /bin
PATH: /usr/local/sbin
PATH: /opt/cuda/bin
PATH: /var/lib/flatpak/exports/bin
PATH: /usr/lib32/jvm/default/bin
PATH: /usr/lib/jvm/default/bin
PATH: /usr/bin/site_perl
PATH: /usr/bin/vendor_perl
PATH: /usr/bin/core_perl
PATH: /var/lib/snapd/snap/bin


## ----------- ##
## Core tests. ##
## ----------- ##

configure:1749: checking for a BSD-compatible install
configure:1805: result: /usr/bin/install -c
configure:1816: checking whether build environment is sane
configure:1859: result: yes
configure:1883: WARNING: `missing' script is too old or missing
configure:1887: checking for a thread-safe mkdir -p
configure:1926: result: /usr/bin/mkdir -p
configure:1939: checking for gawk
configure:1955: found /usr/bin/gawk
configure:1966: result: gawk
configure:1977: checking whether make sets $(MAKE)
configure:1998: result: yes
configure:2235: checking for gcc
configure:2251: found /usr/bin/gcc
configure:2262: result: gcc
configure:2500: checking for C compiler version
configure:2507: gcc --version >&5
gcc (GCC) 16.2.1 20260810
Copyright (C) 2026 Free Software Foundation, Inc.
This is free software; see the source for copying conditions.  There is NO
warranty; not even for MERCHANTABILITY or FITNESS FOR A PARTICULAR PURPOSE.

configure:2510: $? = 0
configure:2517: gcc -v >&5
Using built-in specs.
COLLECT_GCC=gcc
COLLECT_LTO_WRAPPER=/usr/lib/gcc/x86_64-pc-linux-gnu/16/lto-wrapper
Target: x86_64-pc-linux-gnu
Configured with: ../gcc/configure --enable-languages=ada,c,c++,d,fortran,go,lto,m2,objc,obj-c++,rust,cobol --enable-bootstrap --prefix=/usr --libdir=/usr/lib --libexecdir=/usr/lib --mandir=/usr/share/man --infodir=/usr/share/info --with-bugurl=https://gitlab.archlinux.org/archlinux/packaging/packages/gcc/-/issues --with-build-config=bootstrap-lto --with-gcc-major-version-only --with-linker-hash-style=gnu --with-system-zlib --enable-cet=auto --enable-checking=release --enable-clocale=gnu --enable-default-pie --enable-default-ssp --enable-gnu-indirect-function --enable-gnu-unique-object --enable-libstdcxx-backtrace --enable-link-serialization=1 --enable-linker-build-id --enable-lto --enable-multilib --enable-plugin --enable-shared --enable-threads=posix --disable-fixincludes --disable-libssp --disable-libstdcxx-pch --disable-werror
Thread model: posix
Supported LTO compression algorithms: zlib zstd
gcc version 16.2.1 20260810 (GCC) 
configure:2520: $? = 0
configure:2527: gcc -V >&5
gcc: error: unrecognized command-line option '-V'
gcc: fatal error: no input files
compilation terminated.
configure:2530: $? = 1
configure:2553: checking for C compiler default output file name
configure:2580: gcc    conftest.c -lXext >&5
configure:2583: $? = 0
configure:2621: result: a.out
configure:2638: checking whether the C compiler works
configure:2648: ./a.out
configure:2651: $? = 0
configure:2668: result: yes
configure:2675: checking whether we are cross compiling
configure:2677: result: no
configure:2680: checking for suffix of executables
configure:2687: gcc -o conftest    conftest.c -lXext >&5
configure:2690: $? = 0
configure:2714: result: 
configure:2720: checking for suffix of object files
configure:2746: gcc -c   conftest.c >&5
configure:2749: $? = 0
configure:2772: result: o
configure:2776: checking whether we are using the GNU C compiler
configure:2805: gcc -c   conftest.c >&5
configure:2811: $? = 0
configure:2828: result: yes
configure:2833: checking whether gcc accepts -g
configure:2863: gcc -c -g  conftest.c >&5
configure:2869: $? = 0
configure:2968: result: yes
configure:2985: checking for gcc option to accept ISO C89
configure:3059: gcc  -c -g -O2  conftest.c >&5
conftest.c: In function 'e':
conftest.c:17:14: warning: old-style function definition [-Wold-style-definition]
   17 | static char *e (p, i)
      |              ^
configure:3065: $? = 0
configure:3088: result: none needed
configure:3117: checking for style of include used by make
configure:3145: result: GNU
configure:3170: checking dependency style of gcc
configure:3261: result: gcc3
configure:3283: checking how to run the C preprocessor
configure:3323: gcc -E  conftest.c
configure:3329: $? = 0
configure:3360: gcc -E  conftest.c
conftest.c:10:10: fatal error: ac_nonexistent.h: No such file or directory
   10 | #include <ac_nonexistent.h>
      |          ^~~~~~~~~~~~~~~~~~
compilation terminated.
configure:3366: $? = 1
configure: failed program was:
| /* confdefs.h.  */
| #define PACKAGE_NAME ""
| #define PACKAGE_TARNAME ""
| #define PACKAGE_VERSION ""
| #define PACKAGE_STRING ""
| #define PACKAGE_BUGREPORT ""
| #define PACKAGE "xteddy"
| #define VERSION "2.2"
| /* end confdefs.h.  */
| #include <ac_nonexistent.h>
configure:3399: result: gcc -E
configure:3428: gcc -E  conftest.c
configure:3434: $? = 0
configure:3465: gcc -E  conftest.c
conftest.c:10:10: fatal error: ac_nonexistent.h: No such file or directory
   10 | #include <ac_nonexistent.h>
      |          ^~~~~~~~~~~~~~~~~~
compilation terminated.
configure:3471: $? = 1
configure: failed program was:
| /* confdefs.h.  */
| #define PACKAGE_NAME ""
| #define PACKAGE_TARNAME ""
| #define PACKAGE_VERSION ""
| #define PACKAGE_STRING ""
| #define PACKAGE_BUGREPORT ""
| #define PACKAGE "xteddy"
| #define VERSION "2.2"
| /* end confdefs.h.  */
| #include <ac_nonexistent.h>
configure:3509: checking for X
configure:3744: result: libraries /usr/lib64, headers 
configure:3766: checking whether -R must be followed by a space
configure:3792: gcc -o conftest -g -O2   conftest.c -lXext -R/usr/lib64 >&5
gcc: error: unrecognized command-line option '-R'
configure:3798: $? = 1
configure: failed program was:
| /* confdefs.h.  */
| #define PACKAGE_NAME ""
| #define PACKAGE_TARNAME ""
| #define PACKAGE_VERSION ""
| #define PACKAGE_STRING ""
| #define PACKAGE_BUGREPORT ""
| #define PACKAGE "xteddy"
| #define VERSION "2.2"
| /* end confdefs.h.  */
| 
| int
| main ()
| {
| 
|   ;
|   return 0;
| }
configure:3833: gcc -o conftest -g -O2   conftest.c -lXext -R /usr/lib64 >&5
gcc: error: unrecognized command-line option '-R'
configure:3839: $? = 1
configure: failed program was:
| /* confdefs.h.  */
| #define PACKAGE_NAME ""
| #define PACKAGE_TARNAME ""
| #define PACKAGE_VERSION ""
| #define PACKAGE_STRING ""
| #define PACKAGE_BUGREPORT ""
| #define PACKAGE "xteddy"
| #define VERSION "2.2"
| /* end confdefs.h.  */
| 
| int
| main ()
| {
| 
|   ;
|   return 0;
| }
configure:3852: result: neither works
configure:3905: gcc -o conftest -g -O2   conftest.c -lXext  -L/usr/lib64 -lX11 >&5
configure:3911: $? = 0
configure:4068: checking for gethostbyname
configure:4124: gcc -o conftest -g -O2   conftest.c -lXext >&5
configure:4130: $? = 0
configure:4147: result: yes
configure:4292: checking for connect
configure:4348: gcc -o conftest -g -O2   conftest.c -lXext >&5
configure:4354: $? = 0
configure:4371: result: yes
configure:4443: checking for remove
configure:4499: gcc -o conftest -g -O2   conftest.c -lXext >&5
configure:4505: $? = 0
configure:4522: result: yes
configure:4594: checking for shmat
configure:4650: gcc -o conftest -g -O2   conftest.c -lXext >&5
configure:4656: $? = 0
configure:4673: result: yes
configure:4754: checking for IceConnectionNumber in -lICE
configure:4789: gcc -o conftest -g -O2   -L/usr/lib64 conftest.c -lICE  -lXext >&5
configure:4795: $? = 0
configure:4813: result: yes
configure:4872: checking for pkg-config
configure:4890: found /usr/bin/pkg-config
configure:4902: result: /usr/bin/pkg-config
configure:4931: checking pkg-config is at least version 0.9.0
configure:4934: result: yes
configure:4945: checking for IMLIB2
configure:4953: $PKG_CONFIG --exists --print-errors "imlib2"
configure:4956: $? = 0
configure:4971: $PKG_CONFIG --exists --print-errors "imlib2"
configure:4974: $? = 0
configure:5050: result: yes
configure:5204: creating ./config.status

## ---------------------- ##
## Running config.status. ##
## ---------------------- ##

This file was extended by config.status, which was
generated by GNU Autoconf 2.61.  Invocation command line was

  CONFIG_FILES    = 
  CONFIG_HEADERS  = 
  CONFIG_LINKS    = 
  CONFIG_COMMANDS = 
  $ ./config.status 

on Babylon

config.status:627: creating Makefile
config.status:627: creating html/Makefile
config.status:627: creating images/Makefile
config.status:818: executing depfiles commands

## ---------------- ##
## Cache variables. ##
## ---------------- ##

ac_cv_c_compiler_gnu=yes
ac_cv_env_CC_set=
ac_cv_env_CC_value=
ac_cv_env_CFLAGS_set=
ac_cv_env_CFLAGS_value=
ac_cv_env_CPPFLAGS_set=
ac_cv_env_CPPFLAGS_value=
ac_cv_env_CPP_set=
ac_cv_env_CPP_value=
ac_cv_env_IMLIB2_CFLAGS_set=
ac_cv_env_IMLIB2_CFLAGS_value=
ac_cv_env_IMLIB2_LIBS_set=
ac_cv_env_IMLIB2_LIBS_value=
ac_cv_env_LDFLAGS_set=
ac_cv_env_LDFLAGS_value=
ac_cv_env_LIBS_set=set
ac_cv_env_LIBS_value=-lXext
ac_cv_env_PKG_CONFIG_set=
ac_cv_env_PKG_CONFIG_value=
ac_cv_env_XMKMF_set=
ac_cv_env_XMKMF_value=
ac_cv_env_build_alias_set=
ac_cv_env_build_alias_value=
ac_cv_env_host_alias_set=
ac_cv_env_host_alias_value=
ac_cv_env_target_alias_set=
ac_cv_env_target_alias_value=
ac_cv_func_connect=yes
ac_cv_func_gethostbyname=yes
ac_cv_func_remove=yes
ac_cv_func_shmat=yes
ac_cv_have_x='have_x=yes	ac_x_includes='\'''\''	ac_x_libraries='\''/usr/lib64'\'''
ac_cv_lib_ICE_IceConnectionNumber=yes
ac_cv_objext=o
ac_cv_path_ac_pt_PKG_CONFIG=/usr/bin/pkg-config
ac_cv_path_install='/usr/bin/install -c'
ac_cv_path_mkdir=/usr/bin/mkdir
ac_cv_prog_AWK=gawk
ac_cv_prog_CPP='gcc -E'
ac_cv_prog_ac_ct_CC=gcc
ac_cv_prog_cc_c89=
ac_cv_prog_cc_g=yes
ac_cv_prog_make_make_set=yes
am_cv_CC_dependencies_compiler_type=gcc3
pkg_cv_IMLIB2_CFLAGS=
pkg_cv_IMLIB2_LIBS=-lImlib2

## ----------------- ##
## Output variables. ##
## ----------------- ##

ACLOCAL='aclocal-1.10'
AMDEPBACKSLASH='\'
AMDEP_FALSE='#'
AMDEP_TRUE=''
AMTAR='tar'
AUTOCONF='autoconf'
AUTOHEADER='autoheader'
AUTOMAKE='automake-1.10'
AWK='gawk'
CC='gcc'
CCDEPMODE='depmode=gcc3'
CFLAGS='-g -O2'
CPP='gcc -E'
CPPFLAGS=''
CYGPATH_W='echo'
DEFS='-DPACKAGE_NAME=\"\" -DPACKAGE_TARNAME=\"\" -DPACKAGE_VERSION=\"\" -DPACKAGE_STRING=\"\" -DPACKAGE_BUGREPORT=\"\" -DPACKAGE=\"xteddy\" -DVERSION=\"2.2\"'
DEPDIR='.deps'
ECHO_C=''
ECHO_N='-n'
ECHO_T=''
EXEEXT=''
IMLIB2_CFLAGS=''
IMLIB2_LIBS='-lImlib2'
INSTALL_DATA='${INSTALL} -m 644'
INSTALL_PROGRAM='${INSTALL}'
INSTALL_SCRIPT='${INSTALL}'
INSTALL_STRIP_PROGRAM='$(install_sh) -c -s'
LDFLAGS=''
LIBOBJS=''
LIBS='-lXext'
LTLIBOBJS=''
MAKEINFO='makeinfo'
OBJEXT='o'
PACKAGE='xteddy'
PACKAGE_BUGREPORT=''
PACKAGE_NAME=''
PACKAGE_STRING=''
PACKAGE_TARNAME=''
PACKAGE_VERSION=''
PATH_SEPARATOR=':'
PIXMAP_PATH='/usr/share/xteddy'
PKG_CONFIG='/usr/bin/pkg-config'
SET_MAKE=''
SHELL='/bin/sh'
STRIP=''
VERSION='2.2'
XMKMF=''
X_CFLAGS=''
X_EXTRA_LIBS=''
X_LIBS=' -L/usr/lib64'
X_PRE_LIBS=' -lSM -lICE'
ac_ct_CC='gcc'
am__fastdepCC_FALSE='#'
am__fastdepCC_TRUE=''
am__include='include'
am__isrc=''
am__leading_dot='.'
am__quote=''
am__tar='${AMTAR} chof - "$$tardir"'
am__untar='${AMTAR} xf -'
bindir='${exec_prefix}/bin'
build_alias=''
datadir='${datarootdir}'
datarootdir='${prefix}/share'
docdir='${datarootdir}/doc/${PACKAGE}'
dvidir='${docdir}'
exec_prefix='${prefix}'
host_alias=''
htmldir='${docdir}'
includedir='${prefix}/include'
infodir='${datarootdir}/info'
install_sh='$(SHELL) /home/haggard_reaper/Downloads/xteddy-2.2/install-sh'
libdir='${exec_prefix}/lib'
libexecdir='${exec_prefix}/libexec'
localedir='${datarootdir}/locale'
localstatedir='${prefix}/var'
mandir='${datarootdir}/man'
mkdir_p='/usr/bin/mkdir -p'
oldincludedir='/usr/include'
pdfdir='${docdir}'
prefix='/usr/local'
program_transform_name='s,x,x,'
psdir='${docdir}'
sbindir='${exec_prefix}/sbin'
sharedstatedir='${prefix}/com'
sysconfdir='${prefix}/etc'
target_alias=''

## ----------- ##
## confdefs.h. ##
## ----------- ##

#define PACKAGE_NAME ""
#define PACKAGE_TARNAME ""
#define PACKAGE_VERSION ""
#define PACKAGE_STRING ""
#define PACKAGE_BUGREPORT ""
#define PACKAGE "xteddy"
#define VERSION "2.2"

configure: exit 0
